// Jest Snapshot v1, https://goo.gl/fbAQLP

exports[`<PaneElement> wraps children in a draggable div 1`] = `
<div
  className="btn btn-block drowpdown-button"
  draggable="true"
  id="1"
  onDragStart={[Function]}
>
  title
</div>
`;
